Godot Engine v4.7.stable.official.5b4e0cb0f - https://godotengine.org

[   0% ] first_scan_filesystem | Started 项目初始化 (5 steps)
[   0% ] first_scan_filesystem | 正在扫描文件结构……
[  16% ] first_scan_filesystem | 正在加载全局类名……
[  33% ] first_scan_filesystem | 正在校验 GDExtension……
[  50% ] first_scan_filesystem | 正在创建自动加载脚本……
[  66% ] first_scan_filesystem | 正在初始化插件……
[  83% ] first_scan_filesystem | 正在启动文件扫描……
[ DONE ] first_scan_filesystem

[   0% ] update_scripts_classes | Started 正在注册全局类…… (9 steps)
[   0% ] update_scripts_classes | ActiveItemSlotView
[  10% ] update_scripts_classes | 
[  20% ] update_scripts_classes | 
[  30% ] update_scripts_classes | DeckOverview
[  40% ] update_scripts_classes | 
[  50% ] update_scripts_classes | MerchantNpc
[  60% ] update_scripts_classes | MerchantShop
[  70% ] update_scripts_classes | 
[  80% ] update_scripts_classes | 
[ DONE ] update_scripts_classes

[   0% ] _update_scan_actions | Started 正在扫描动作…… (13 steps)
[   0% ] _update_scan_actions | bedroll_dark.png
[   7% ] _update_scan_actions | bedroll_green.png
[  14% ] _update_scan_actions | campfire_6_frames.png
[  21% ] _update_scan_actions | campfire_icon.png
[  28% ] _update_scan_actions | campfire_unlit.png
[  35% ] _update_scan_actions | lantern_post.png
[  42% ] _update_scan_actions | merchant_crates.png
[  50% ] _update_scan_actions | merchant_tent.png
[  57% ] _update_scan_actions | signpost.png
[  64% ] _update_scan_actions | wood_bench.png
[  71% ] _update_scan_actions | backpack.png
[  78% ] _update_scan_actions | deck.png
[  85% ] _update_scan_actions | cards.csv
[ DONE ] _update_scan_actions

[   0% ] reimport | Started 正在导入或重新导入资产 (13 steps)
[   0% ] reimport | 正在准备重新导入文件……
[   7% ] reimport | 正在准备重新导入文件……
[  14% ] reimport | 正在准备重新导入文件……
[  21% ] reimport | 正在准备重新导入文件……
[  28% ] reimport | 正在准备重新导入文件……
[  35% ] reimport | 正在准备重新导入文件……
[  42% ] reimport | 正在准备重新导入文件……
[  50% ] reimport | 正在准备重新导入文件……
[  57% ] reimport | 正在准备重新导入文件……
[  64% ] reimport | 正在准备重新导入文件……
[  71% ] reimport | 正在准备重新导入文件……
[  78% ] reimport | 正在准备重新导入文件……
[  85% ] reimport | 正在准备重新导入文件……
[   0% ] reimport | 正在执行重新导入的前置操作……
[   0% ] reimport | cards.csv
[   7% ] reimport | cards.csv
[  14% ] reimport | bedroll_dark.png
[  21% ] reimport | bedroll_green.png
[  28% ] reimport | campfire_6_frames.png
[  35% ] reimport | campfire_icon.png
[  42% ] reimport | campfire_unlit.png
[  50% ] reimport | lantern_post.png
[  57% ] reimport | merchant_crates.png
[  64% ] reimport | merchant_tent.png
[  71% ] reimport | signpost.png
[  78% ] reimport | wood_bench.png
[  85% ] reimport | backpack.png
[  92% ] reimport | 正在结束资产导入……
[ DONE ] reimport

[   0% ] reimport | Started 正在导入或重新导入资产 (13 steps)
[   0% ] reimport | 正在执行重新导入的后置操作……
[ DONE ] reimport

[   0% ] loading_editor_layout | Started 正在加载编辑器 (5 steps)
[   0% ] loading_editor_layout | 正在加载编辑器布局……
[  16% ] loading_editor_layout | 正在加载停靠面板……
[  33% ] loading_editor_layout | 正在重新打开场景……
[  50% ] loading_editor_layout | 正在加载中央编辑器布局……
[  66% ] loading_editor_layout | 正在加载插件窗口布局……
[  83% ] loading_editor_layout | 编辑器布局就绪。
[ DONE ] loading_editor_layout

