Godot Engine v4.7.stable.official.5b4e0cb0f - https://godotengine.org

ERROR: Failed to read the root certificate store.
   at: get_system_ca_certificates (platform/windows/os_windows.cpp:2582)
Movie Maker mode enabled, recording movie in 1280×720 @ 5 FPS...
ERROR: Parameter "t" is null.
   at: texture_2d_get (./servers/rendering/dummy/storage/texture_storage.h:110)

================================================================
CrashHandlerException: Program crashed with signal 11
Engine version: Godot Engine v4.7.stable.official (5b4e0cb0fd279832bbdd69fed5354d4e5ad26f88)
Dumping the backtrace. Please include this when reporting the bug on: https://github.com/godotengine/godot/issues
Load address: 7ff5563c0000

[1] 7ff69a4860e1 (main+40c60e1) - no debug info in PE/COFF executable
[2] 7ffc0119f962 (ntdll.dll+11f962) - no debug info in PE/COFF executable
[3] 7ffc011e479e (ntdll.dll+16479e) - no debug info in PE/COFF executable
[4] 7ffc010c5e96 (ntdll.dll+45e96) - no debug info in PE/COFF executable
[5] 7ffc011e40dd (ntdll.dll+1640dd) - no debug info in PE/COFF executable
[6] 7ff699d9169f (main+39d169f) - no debug info in PE/COFF executable
[7] 7ff699627075 (main+3267075) - no debug info in PE/COFF executable
[8] 7ff69641d859 (main+5d859) - no debug info in PE/COFF executable
[9] 7ff6963c2ef0 (main+2ef0) - no debug info in PE/COFF executable
[10] 7ff696412501 (main+52501) - no debug info in PE/COFF executable
[11] 7ff69641253d (main+5253d) - no debug info in PE/COFF executable
[12] 7ff6963c10c8 (main+10c8) - no debug info in PE/COFF executable
[13] 7ff6963c13f5 (main+13f5) - no debug info in PE/COFF executable
[14] 7ffbffeae956 (kernel32.dll+2e956) - no debug info in PE/COFF executable
[15] 7ffc0112ad6b (ntdll.dll+aad6b) - no debug info in PE/COFF executable
[16] -1 (main+-7ff6963c0001) - no debug info in PE/COFF executable
-- END OF C++ BACKTRACE --
================================================================
