Godot Engine v4.7.stable.official.5b4e0cb0f - https://godotengine.org

[   0% ] first_scan_filesystem | Started 项目初始化 (5 steps)
[   0% ] first_scan_filesystem | 正在扫描文件结构……
[  16% ] first_scan_filesystem | 正在加载全局类名……
[  33% ] first_scan_filesystem | 正在校验 GDExtension……
[  50% ] first_scan_filesystem | 正在创建自动加载脚本……
[  66% ] first_scan_filesystem | 正在初始化插件……
[  83% ] first_scan_filesystem | 正在启动文件扫描……
[ DONE ] first_scan_filesystem

[   0% ] update_scripts_classes | Started 正在注册全局类…… (6 steps)
[   0% ] update_scripts_classes | 
[  14% ] update_scripts_classes | CardDetailOverlay
[  28% ] update_scripts_classes | CardTargetOverlay
[  42% ] update_scripts_classes | BattleCardView
[  57% ] update_scripts_classes | 
[  71% ] update_scripts_classes | InventoryView
[ DONE ] update_scripts_classes

[   0% ] _update_scan_actions | Started 正在扫描动作…… (6 steps)
[   0% ] _update_scan_actions | card_frame_function_0.png
[  14% ] _update_scan_actions | card_frame_function_1.png
[  28% ] _update_scan_actions | card_frame_function_2.png
[  42% ] _update_scan_actions | card_frame_function_3.png
[  57% ] _update_scan_actions | card_frame_function_4.png
[  71% ] _update_scan_actions | card_use_hourglass.png
[ DONE ] _update_scan_actions

[   0% ] reimport | Started 正在导入或重新导入资产 (6 steps)
[   0% ] reimport | 正在准备重新导入文件……
[  14% ] reimport | 正在准备重新导入文件……
[  28% ] reimport | 正在准备重新导入文件……
[  42% ] reimport | 正在准备重新导入文件……
[  57% ] reimport | 正在准备重新导入文件……
[  71% ] reimport | 正在准备重新导入文件……
[   0% ] reimport | 正在执行重新导入的前置操作……
[   0% ] reimport | card_frame_function_0.png
[  14% ] reimport | card_frame_function_1.png
[  28% ] reimport | card_frame_function_2.png
[  42% ] reimport | card_frame_function_3.png
[  57% ] reimport | card_frame_function_4.png
[  71% ] reimport | card_use_hourglass.png
[  85% ] reimport | 正在结束资产导入……
[ DONE ] reimport

[   0% ] reimport | Started 正在导入或重新导入资产 (6 steps)
[   0% ] reimport | 正在执行重新导入的后置操作……
[ DONE ] reimport

[   0% ] loading_editor_layout | Started 正在加载编辑器 (5 steps)
[   0% ] loading_editor_layout | 正在加载编辑器布局……
[  16% ] loading_editor_layout | 正在加载停靠面板……
[  33% ] loading_editor_layout | 正在重新打开场景……
SCRIPT ERROR: Parse Error: The variable type is being inferred from a Variant value, so it will be typed as Variant. (Warning treated as error.)
   at: GDScript::reload (res://scripts/battle.gd:237)
ERROR: Failed to load script "res://scripts/battle.gd" with error "Parse error".
   at: load (modules/gdscript/gdscript_resource_format.cpp:46)
[  50% ] loading_editor_layout | 正在加载中央编辑器布局……
[  66% ] loading_editor_layout | 正在加载插件窗口布局……
[  83% ] loading_editor_layout | 编辑器布局就绪。
[ DONE ] loading_editor_layout

